// Jest Snapshot v1, https://goo.gl/fbAQLP

exports[`MapScreen Screen Map screen should render correctly 1`] = `
<View
  style={
    Object {
      "flex": 1,
    }
  }
>
  <RNCSafeAreaProvider
    onInsetsChange={[Function]}
    style={
      Array [
        Object {
          "flex": 1,
        },
        undefined,
      ]
    }
  >
    <RNSScreenContainer
      onLayout={[Function]}
      style={
        Object {
          "flex": 1,
        }
      }
    >
      <RNSScreen
        activityState={2}
        forwardedRef={[Function]}
        pointerEvents="box-none"
        style={
          Object {
            "bottom": 0,
            "left": 0,
            "position": "absolute",
            "right": 0,
            "top": 0,
          }
        }
      >
        <View
          collapsable={false}
          style={
            Object {
              "opacity": 1,
            }
          }
        />
        <View
          accessibilityElementsHidden={false}
          closing={false}
          gestureVelocityImpact={0.3}
          importantForAccessibility="auto"
          onClose={[Function]}
          onGestureBegin={[Function]}
          onGestureCanceled={[Function]}
          onGestureEnd={[Function]}
          onOpen={[Function]}
          onTransition={[Function]}
          pointerEvents="box-none"
          style={
            Array [
              Object {
                "overflow": undefined,
              },
              Object {
                "bottom": 0,
                "left": 0,
                "position": "absolute",
                "right": 0,
                "top": 0,
              },
            ]
          }
          transitionSpec={
            Object {
              "close": Object {
                "animation": "spring",
                "config": Object {
                  "damping": 500,
                  "mass": 3,
                  "overshootClamping": true,
                  "restDisplacementThreshold": 10,
                  "restSpeedThreshold": 10,
                  "stiffness": 1000,
                },
              },
              "open": Object {
                "animation": "spring",
                "config": Object {
                  "damping": 500,
                  "mass": 3,
                  "overshootClamping": true,
                  "restDisplacementThreshold": 10,
                  "restSpeedThreshold": 10,
                  "stiffness": 1000,
                },
              },
            }
          }
        >
          <View
            needsOffscreenAlphaCompositing={false}
            pointerEvents="box-none"
            style={
              Object {
                "flex": 1,
              }
            }
          >
            <View
              collapsable={false}
              forwardedRef={[Function]}
              onGestureHandlerEvent={[Function]}
              onGestureHandlerStateChange={[Function]}
              style={
                Object {
                  "flex": 1,
                  "transform": Array [
                    Object {
                      "translateX": 0,
                    },
                    Object {
                      "translateX": 0,
                    },
                  ],
                }
              }
            >
              <View
                pointerEvents="none"
                style={
                  Object {
                    "backgroundColor": "rgb(242, 242, 242)",
                    "bottom": 0,
                    "left": 0,
                    "position": "absolute",
                    "shadowColor": "#000",
                    "shadowOffset": Object {
                      "height": 1,
                      "width": -1,
                    },
                    "shadowOpacity": 0.3,
                    "shadowRadius": 5,
                    "top": 0,
                    "width": 3,
                  }
                }
              />
              <View
                style={
                  Array [
                    Object {
                      "flex": 1,
                      "overflow": "hidden",
                    },
                    Array [
                      Object {
                        "backgroundColor": "rgb(242, 242, 242)",
                      },
                      undefined,
                    ],
                  ]
                }
              >
                <View
                  style={
                    Object {
                      "flex": 1,
                      "flexDirection": "column-reverse",
                    }
                  }
                >
                  <View
                    style={
                      Object {
                        "flex": 1,
                      }
                    }
                  >
                    <RCTSafeAreaView
                      emulateUnlessSupported={true}
                      style={
                        Object {
                          "flex": 1,
                        }
                      }
                    >
                      <AIRMap
                        handlePanDrag={false}
                        initialRegion={
                          Object {
                            "latitude": undefined,
                            "latitudeDelta": 0.0922,
                            "longitude": undefined,
                            "longitudeDelta": 0.0421,
                          }
                        }
                        onChange={[Function]}
                        onLayout={[Function]}
                        onMapReady={[Function]}
                        onMarkerPress={[Function]}
                        region={null}
                        style={
                          Object {
                            "flex": 2,
                          }
                        }
                      >
                        <AIRMapMarker
                          coordinate={
                            Object {
                              "latitude": undefined,
                              "longitude": undefined,
                            }
                          }
                          onPress={[Function]}
                          stopPropagation={false}
                          style={
                            Array [
                              Object {
                                "backgroundColor": "transparent",
                                "position": "absolute",
                              },
                              undefined,
                            ]
                          }
                        />
                      </AIRMap>
                      <RCTScrollView
                        showsVerticalScrollIndicator={false}
                        style={
                          Object {
                            "flex": 1,
                          }
                        }
                      >
                        <View>
                          <View
                            style={
                              Object {
                                "flex": 1,
                              }
                            }
                          >
                            <View
                              style={
                                Object {
                                  "padding": 10,
                                }
                              }
                            >
                              <View
                                style={
                                  Object {
                                    "padding": 10,
                                  }
                                }
                              >
                                <Text
                                  style={
                                    Object {
                                      "fontSize": 18,
                                    }
                                  }
                                >
                                  Name:
                                </Text>
                                <Text />
                              </View>
                              <View
                                style={
                                  Object {
                                    "padding": 10,
                                  }
                                }
                              >
                                <Text
                                  style={
                                    Object {
                                      "fontSize": 18,
                                    }
                                  }
                                >
                                  Latitude:
                                </Text>
                                <Text />
                              </View>
                              <View
                                style={
                                  Object {
                                    "padding": 10,
                                  }
                                }
                              >
                                <Text
                                  style={
                                    Object {
                                      "fontSize": 18,
                                    }
                                  }
                                >
                                  Longitude:
                                </Text>
                                <Text />
                              </View>
                            </View>
                          </View>
                        </View>
                      </RCTScrollView>
                    </RCTSafeAreaView>
                  </View>
                </View>
              </View>
            </View>
          </View>
        </View>
      </RNSScreen>
    </RNSScreenContainer>
  </RNCSafeAreaProvider>
</View>
`;
