// Jest Snapshot v1, https://goo.gl/fbAQLP

exports[`Search Screen Search screen should render correctly 1`] = `
<View
  style={
    Object {
      "flex": 1,
    }
  }
>
  <RNCSafeAreaProvider
    onInsetsChange={[Function]}
    style={
      Array [
        Object {
          "flex": 1,
        },
        undefined,
      ]
    }
  >
    <RNSScreenContainer
      onLayout={[Function]}
      style={
        Object {
          "flex": 1,
        }
      }
    >
      <RNSScreen
        activityState={2}
        forwardedRef={[Function]}
        pointerEvents="box-none"
        style={
          Object {
            "bottom": 0,
            "left": 0,
            "position": "absolute",
            "right": 0,
            "top": 0,
          }
        }
      >
        <View
          collapsable={false}
          style={
            Object {
              "opacity": 1,
            }
          }
        />
        <View
          accessibilityElementsHidden={false}
          closing={false}
          gestureVelocityImpact={0.3}
          importantForAccessibility="auto"
          onClose={[Function]}
          onGestureBegin={[Function]}
          onGestureCanceled={[Function]}
          onGestureEnd={[Function]}
          onOpen={[Function]}
          onTransition={[Function]}
          pointerEvents="box-none"
          style={
            Array [
              Object {
                "overflow": undefined,
              },
              Object {
                "bottom": 0,
                "left": 0,
                "position": "absolute",
                "right": 0,
                "top": 0,
              },
            ]
          }
          transitionSpec={
            Object {
              "close": Object {
                "animation": "spring",
                "config": Object {
                  "damping": 500,
                  "mass": 3,
                  "overshootClamping": true,
                  "restDisplacementThreshold": 10,
                  "restSpeedThreshold": 10,
                  "stiffness": 1000,
                },
              },
              "open": Object {
                "animation": "spring",
                "config": Object {
                  "damping": 500,
                  "mass": 3,
                  "overshootClamping": true,
                  "restDisplacementThreshold": 10,
                  "restSpeedThreshold": 10,
                  "stiffness": 1000,
                },
              },
            }
          }
        >
          <View
            needsOffscreenAlphaCompositing={false}
            pointerEvents="box-none"
            style={
              Object {
                "flex": 1,
              }
            }
          >
            <View
              collapsable={false}
              forwardedRef={[Function]}
              onGestureHandlerEvent={[Function]}
              onGestureHandlerStateChange={[Function]}
              style={
                Object {
                  "flex": 1,
                  "transform": Array [
                    Object {
                      "translateX": 0,
                    },
                    Object {
                      "translateX": 0,
                    },
                  ],
                }
              }
            >
              <View
                pointerEvents="none"
                style={
                  Object {
                    "backgroundColor": "rgb(242, 242, 242)",
                    "bottom": 0,
                    "left": 0,
                    "position": "absolute",
                    "shadowColor": "#000",
                    "shadowOffset": Object {
                      "height": 1,
                      "width": -1,
                    },
                    "shadowOpacity": 0.3,
                    "shadowRadius": 5,
                    "top": 0,
                    "width": 3,
                  }
                }
              />
              <View
                style={
                  Array [
                    Object {
                      "flex": 1,
                      "overflow": "hidden",
                    },
                    Array [
                      Object {
                        "backgroundColor": "rgb(242, 242, 242)",
                      },
                      undefined,
                    ],
                  ]
                }
              >
                <View
                  style={
                    Object {
                      "flex": 1,
                      "flexDirection": "column-reverse",
                    }
                  }
                >
                  <View
                    style={
                      Object {
                        "flex": 1,
                      }
                    }
                  >
                    <RCTSafeAreaView
                      emulateUnlessSupported={true}
                      style={
                        Object {
                          "flex": 1,
                        }
                      }
                    >
                      <View
                        accessible={true}
                        focusable={true}
                        onClick={[Function]}
                        onResponderGrant={[Function]}
                        onResponderMove={[Function]}
                        onResponderRelease={[Function]}
                        onResponderTerminate={[Function]}
                        onResponderTerminationRequest={[Function]}
                        onStartShouldSetResponder={[Function]}
                        style={
                          Object {
                            "flex": 1,
                          }
                        }
                      >
                        <View
                          style={
                            Object {
                              "padding": 20,
                            }
                          }
                        >
                          <View
                            style={
                              Object {
                                "borderColor": "grey",
                                "borderRadius": 4,
                                "borderWidth": 0.5,
                                "padding": 15.714285714285714,
                              }
                            }
                          >
                            <TextInput
                              allowFontScaling={true}
                              onChangeText={[Function]}
                              placeholder="Search"
                              rejectResponderTermination={true}
                              style={
                                Object {
                                  "paddingVertical": 0,
                                }
                              }
                              underlineColorAndroid="transparent"
                              value=""
                            />
                          </View>
                        </View>
                        <View
                          accessibilityLabel="list"
                          style={
                            Object {
                              "paddingHorizontal": 20,
                            }
                          }
                        >
                          <View
                            accessibilityLabel="List"
                            accessible={true}
                          >
                            <RCTScrollView
                              keyboardShouldPersistTaps="handled"
                              showsVerticalScrollIndicator={false}
                            >
                              <View />
                            </RCTScrollView>
                          </View>
                        </View>
                      </View>
                    </RCTSafeAreaView>
                  </View>
                </View>
              </View>
            </View>
          </View>
        </View>
      </RNSScreen>
    </RNSScreenContainer>
  </RNCSafeAreaProvider>
</View>
`;
